/root/peer/msl-1084/gap1/H05G_Assembly.lean:248:4: warning: `push_neg` has been deprecated. Prefer using `push Not` instead.
If you'd rather continue using `push_neg` in your project, you can implement it as follows:
```
open Lean.Parser.Tactic in
macro "push_neg" cfg:optConfig loc:(location)? : tactic =>
  `(tactic| push $cfg:optConfig Not $[$loc]?)
```
/root/peer/msl-1084/gap1/H05G_Assembly.lean:321:4: warning: `push_neg` has been deprecated. Prefer using `push Not` instead.
If you'd rather continue using `push_neg` in your project, you can implement it as follows:
```
open Lean.Parser.Tactic in
macro "push_neg" cfg:optConfig loc:(location)? : tactic =>
  `(tactic| push $cfg:optConfig Not $[$loc]?)
```
/root/peer/msl-1084/gap1/H05G_Assembly.lean:326:4: warning: `push_neg` has been deprecated. Prefer using `push Not` instead.
If you'd rather continue using `push_neg` in your project, you can implement it as follows:
```
open Lean.Parser.Tactic in
macro "push_neg" cfg:optConfig loc:(location)? : tactic =>
  `(tactic| push $cfg:optConfig Not $[$loc]?)
```
/root/peer/msl-1084/gap1/H05G_Assembly.lean:334:4: warning: `push_neg` has been deprecated. Prefer using `push Not` instead.
If you'd rather continue using `push_neg` in your project, you can implement it as follows:
```
open Lean.Parser.Tactic in
macro "push_neg" cfg:optConfig loc:(location)? : tactic =>
  `(tactic| push $cfg:optConfig Not $[$loc]?)
```
/root/peer/msl-1084/gap1/H05G_Assembly.lean:419:2: warning: `push_neg` has been deprecated. Prefer using `push Not` instead.
If you'd rather continue using `push_neg` in your project, you can implement it as follows:
```
open Lean.Parser.Tactic in
macro "push_neg" cfg:optConfig loc:(location)? : tactic =>
  `(tactic| push $cfg:optConfig Not $[$loc]?)
```
/root/peer/msl-1084/gap1/H05G_Assembly.lean:509:35: warning: Variable name `hh` is not explicitly referenced.

The binding can be removed (if unused) or named `_` (if used implicitly).

Note: This linter can be disabled with `set_option linter.unusedVariables false`
/root/peer/msl-1084/gap1/H05G_Assembly.lean:665:2: warning: `push_neg` has been deprecated. Prefer using `push Not` instead.
If you'd rather continue using `push_neg` in your project, you can implement it as follows:
```
open Lean.Parser.Tactic in
macro "push_neg" cfg:optConfig loc:(location)? : tactic =>
  `(tactic| push $cfg:optConfig Not $[$loc]?)
```
/root/peer/msl-1084/gap1/H05G_Assembly.lean:859:5: warning: Variable name `hh` is not explicitly referenced.

The binding can be removed (if unused) or named `_` (if used implicitly).

Note: This linter can be disabled with `set_option linter.unusedVariables false`
/root/peer/msl-1084/gap1/H05G_Assembly.lean:859:33: warning: Variable name `h3` is not explicitly referenced.

The binding can be removed (if unused) or named `_` (if used implicitly).

Note: This linter can be disabled with `set_option linter.unusedVariables false`
'e1084_hullPts_angle_sum' depends on axioms: [propext, Classical.choice, Quot.sound]
'gap_lt_pi_hullPts' depends on axioms: [propext, Classical.choice, Quot.sound]
'gap_sum_of_period' depends on axioms: [propext, Classical.choice, Quot.sound]
'fanInterface_of_polarFan' depends on axioms: [propext, Classical.choice, Quot.sound]
'hull_angle_package_pre' depends on axioms: [propext, Classical.choice, Quot.sound]
'hull_angle_package_of_polar' depends on axioms: [propext, Classical.choice, Quot.sound]
