/root/peer/e1084-upper/L04_IdxUnitPairs.lean:259:4: warning: 'push_cast' tactic does nothing

Note: This linter can be disabled with `set_option linter.unusedTactic false`
/root/peer/e1084-upper/L04_IdxUnitPairs.lean:342:13: warning: This simp argument is unused:
  Sym2.eq_iff

Hint: Omit it from the simp argument list.
  simp [e10, S̵y̵m̵2̵.̵e̵q̵_̵i̵f̵f̵,̵ ̵Prod.ext_iff] at h

Note: This linter can be disabled with `set_option linter.unusedSimpArgs false`
/root/peer/e1084-upper/L04_IdxUnitPairs.lean:347:13: warning: This simp argument is unused:
  Sym2.eq_iff

Hint: Omit it from the simp argument list.
  simp [e01, S̵y̵m̵2̵.̵e̵q̵_̵i̵f̵f̵,̵ ̵Prod.ext_iff] at h

Note: This linter can be disabled with `set_option linter.unusedSimpArgs false`
/root/peer/e1084-upper/L04_IdxUnitPairs.lean:352:14: warning: This simp argument is unused:
  Sym2.eq_iff

Hint: Omit it from the simp argument list.
  simp [e1m1, S̵y̵m̵2̵.̵e̵q̵_̵i̵f̵f̵,̵ ̵Prod.ext_iff] at h

Note: This linter can be disabled with `set_option linter.unusedSimpArgs false`
/root/peer/e1084-upper/L04_IdxUnitPairs.lean:494:20: warning: This simp argument is unused:
  Sym2.eq_iff

Hint: Omit it from the simp argument list.
  simp [e10, e01, S̵y̵m̵2̵.̵e̵q̵_̵i̵f̵f̵,̵ ̵Prod.ext_iff] at he

Note: This linter can be disabled with `set_option linter.unusedSimpArgs false`
/root/peer/e1084-upper/L04_IdxUnitPairs.lean:503:23: warning: This simp argument is unused:
  Sym2.eq_iff

Hint: Omit it from the simp argument list.
  simp [e10, e1m1, S̵y̵m̵2̵.̵e̵q̵_̵i̵f̵f̵,̵ ̵Prod.ext_iff] at he

Note: This linter can be disabled with `set_option linter.unusedSimpArgs false`
/root/peer/e1084-upper/L04_IdxUnitPairs.lean:506:23: warning: This simp argument is unused:
  Sym2.eq_iff

Hint: Omit it from the simp argument list.
  simp [e01, e1m1, S̵y̵m̵2̵.̵e̵q̵_̵i̵f̵f̵,̵ ̵Prod.ext_iff] at he

Note: This linter can be disabled with `set_option linter.unusedSimpArgs false`
'Erdos1084L04.idx_unit_pairs' depends on axioms: [propext, Classical.choice, Quot.sound]
