/root/peer/e1084-upper/L05_LowerAllK.lean:499:4: warning: 'push_cast' tactic does nothing

Note: This linter can be disabled with `set_option linter.unusedTactic false`
/root/peer/e1084-upper/L05_LowerAllK.lean:582:13: warning: This simp argument is unused:
  Sym2.eq_iff

Hint: Omit it from the simp argument list.
  simp [e10, S̵y̵m̵2̵.̵e̵q̵_̵i̵f̵f̵,̵ ̵Prod.ext_iff] at h

Note: This linter can be disabled with `set_option linter.unusedSimpArgs false`
/root/peer/e1084-upper/L05_LowerAllK.lean:587:13: warning: This simp argument is unused:
  Sym2.eq_iff

Hint: Omit it from the simp argument list.
  simp [e01, S̵y̵m̵2̵.̵e̵q̵_̵i̵f̵f̵,̵ ̵Prod.ext_iff] at h

Note: This linter can be disabled with `set_option linter.unusedSimpArgs false`
/root/peer/e1084-upper/L05_LowerAllK.lean:592:14: warning: This simp argument is unused:
  Sym2.eq_iff

Hint: Omit it from the simp argument list.
  simp [e1m1, S̵y̵m̵2̵.̵e̵q̵_̵i̵f̵f̵,̵ ̵Prod.ext_iff] at h

Note: This linter can be disabled with `set_option linter.unusedSimpArgs false`
/root/peer/e1084-upper/L05_LowerAllK.lean:734:20: warning: This simp argument is unused:
  Sym2.eq_iff

Hint: Omit it from the simp argument list.
  simp [e10, e01, S̵y̵m̵2̵.̵e̵q̵_̵i̵f̵f̵,̵ ̵Prod.ext_iff] at he

Note: This linter can be disabled with `set_option linter.unusedSimpArgs false`
/root/peer/e1084-upper/L05_LowerAllK.lean:743:23: warning: This simp argument is unused:
  Sym2.eq_iff

Hint: Omit it from the simp argument list.
  simp [e10, e1m1, S̵y̵m̵2̵.̵e̵q̵_̵i̵f̵f̵,̵ ̵Prod.ext_iff] at he

Note: This linter can be disabled with `set_option linter.unusedSimpArgs false`
/root/peer/e1084-upper/L05_LowerAllK.lean:746:23: warning: This simp argument is unused:
  Sym2.eq_iff

Hint: Omit it from the simp argument list.
  simp [e01, e1m1, S̵y̵m̵2̵.̵e̵q̵_̵i̵f̵f̵,̵ ̵Prod.ext_iff] at he

Note: This linter can be disabled with `set_option linter.unusedSimpArgs false`
'Erdos1084.lower_all_k' depends on axioms: [propext, Classical.choice, Quot.sound]
