@Real.Angle.toReal_coe_eq_self_iff : ∀ {θ : ℝ}, (↑θ).toReal = θ ↔ -Real.pi < θ ∧ θ ≤ Real.pi
Real.Angle.neg_pi_lt_toReal : ∀ (θ : Real.Angle), -Real.pi < θ.toReal
Real.Angle.toReal_le_pi : ∀ (θ : Real.Angle), θ.toReal ≤ Real.pi
Real.Angle.coe_toReal : ∀ (θ : Real.Angle), ↑θ.toReal = θ
Real.Angle.coe_sub : ∀ (x y : ℝ), ↑(x - y) = ↑x - ↑y
@Orientation.oangle : {V : Type u_1} →
  [inst : NormedAddCommGroup V] →
    [inst_1 : InnerProductSpace ℝ V] → [Fact (Module.finrank ℝ V = 2)] → Orientation ℝ V (Fin 2) → V → V → Real.Angle
@Orientation.oangle_add : ∀ {V : Type u_1} [inst : NormedAddCommGroup V] [inst_1 : InnerProductSpace ℝ V]
  [inst_2 : Fact (Module.finrank ℝ V = 2)] (o : Orientation ℝ V (Fin 2)) {x y z : V},
  x ≠ 0 → y ≠ 0 → z ≠ 0 → o.oangle x y + o.oangle y z = o.oangle x z
@Orientation.angle_eq_abs_oangle_toReal : ∀ {V : Type u_1} [inst : NormedAddCommGroup V]
  [inst_1 : InnerProductSpace ℝ V] [inst_2 : Fact (Module.finrank ℝ V = 2)] (o : Orientation ℝ V (Fin 2)) {x y : V},
  x ≠ 0 → y ≠ 0 → InnerProductGeometry.angle x y = |(o.oangle x y).toReal|
@finrank_euclideanSpace_fin : ∀ {𝕜 : Type u_1} [inst : RCLike 𝕜] {n : ℕ},
  Module.finrank 𝕜 (EuclideanSpace 𝕜 (Fin n)) = n
/root/peer/sub-o05/PROBE.lean:15:8: error(lean.unknownIdentifier): Unknown identifier `Basis.orientation`
EuclideanSpace.basisFun : (ι : Type u_1) →
  (𝕜 : Type u_2) → [inst : RCLike 𝕜] → [inst_1 : Fintype ι] → OrthonormalBasis ι 𝕜 (EuclideanSpace 𝕜 ι)
@vsub_eq_sub : ∀ {G : Type u_1} [inst : AddGroup G] (g₁ g₂ : G), g₁ -ᵥ g₂ = g₁ - g₂
@Finset.card_sdiff_add_card_eq_card : ∀ {α : Type u_1} {s t : Finset α} [inst : DecidableEq α],
  s ⊆ t → (t \ s).card + s.card = t.card
/root/peer/sub-o05/PROBE.lean:21:51: error(lean.synthInstanceFailed): failed to synthesize instance of type class
  Fact (Module.finrank ℝ (ℝ^2) = 2)

Hint: Type class instance resolution failures can be inspected with the `set_option trace.Meta.synthInstance true` command.
